// Jest Snapshot v1, https://goo.gl/fbAQLP

exports[`Pruebas en <TodoListItem /> Debe mostrarse correctamente 1`] = `
<li
  className="d-flex justify-content-between list-group-item"
  key="1"
>
  <span
    className="false"
    onClick={[Function]}
  >
    1
    . 
    Aprender React
  </span>
  <input
    className="btn btn-danger btn-sm"
    onClick={[Function]}
    type="button"
    value="Borrar"
  />
</li>
`;
