// Jest Snapshot v1, https://goo.gl/fbAQLP

exports[`Pruebas en <HomeScreen /> Debe mostrarse correctamente 1`] = `
<div
  className="p-5"
>
  <h1>
    HomeScreen
  </h1>
  <hr />
  <pre
    className="container"
  >
    {
    "name": "Yeison Roriguez",
    "email": "yrrodriguez@gmail.com"
}
  </pre>
</div>
`;
